22:16:51.816 [D] pipeline: tts=Piper (voice=piper) ttsReady=false
22:16:51.818 [D] pipeline: stt=Whisper-whisper-base sttReady=false vad=false
22:16:51.819 [D] warm-wait retry=1 sttReady=false ttsReady=false vadAvailable=false vadPresent=true
22:16:52.156 [D] SileroVadGate loaded: silero-vad
22:16:54.450 [D] OfflineWhisperStt loaded: whisper-base
22:16:54.453 [D] SherpaTts loaded: piper model
22:16:54.841 [D] event=fg-service-start requested sdk=37
22:16:54.851 [D] event=fg-service-start ok
22:16:54.856 [D] event=wake acquired
22:16:54.861 [D] event=focus-acquire result=granted
22:16:54.879 [D] event=audio-route registered
22:16:54.999 [D] mic: extra NoiseSuppressor attached (session 34705) enabled=true
22:16:54.999 [D] mic: source=VOICE_COMMUNICATION(AEC/NS) threshold=0.50 silence=800ms minSpeech=300ms max=15000ms hard=0ms
22:16:55.013 [D] event=fg-service onCreate
22:16:55.013 [D] event=fg-service start id=1
22:17:04.717 [D] realtime: speech=true ms=5562 early=false text=<hidden>
22:17:04.717 [D] event=barge-watch mode=single-capture vad=on rmsMin=0.10 gen=1
22:17:04.723 [D] startStream -> hvstream_1788747424723031886_1
22:17:10.047 [W] event=stream-stall gen=1 idleMs=5019 no-events=5s
22:17:16.344 [W] event=stream-stall gen=1 idleMs=5074 no-events=5s
22:17:24.592 [D] piper chunk 17664 smp @22050Hz (13 ch)
22:17:25.392 [D] piper chunk 25344 smp @22050Hz (21 ch)
22:17:26.864 [D] piper chunk 79872 smp @22050Hz (75 ch)
22:17:30.514 [D] piper chunk 19456 smp @22050Hz (12 ch)
22:17:31.406 [D] piper chunk 20224 smp @22050Hz (16 ch)
22:17:31.460 [D] event=tts-stop reason=hush msSinceBarge=0
22:17:31.461 [D] event=gate-release gen=1 reason=hush
22:17:31.461 [D] event=turn label=turn gen=1 outcome=hush stt=9687 firstByte=2 firstText=19607 firstAudio=20481 fullReply=- session_turns=1
22:17:31.462 [D] turn done: gen=1 resp=resp_3719931b530b49cc9e4bb88dbef5 len=199 err=
22:17:31.465 [D] event=tts-teardown ms=0
22:17:32.862 [D] piper generated 225146 samples @ 22050Hz (text 199 chars)
22:17:36.265 [D] event=tts-stop reason=hush msSinceBarge=0
22:17:36.266 [W] event=gate-release result=duplicate gen=1 reason=hush
22:17:39.744 [D] event=call-end callLive=true
22:17:39.745 [D] event=tts-stop reason=stop msSinceBarge=0
22:17:39.745 [W] event=gate-release result=duplicate gen=1 reason=stop
22:17:39.801 [D] realtime: speech=false ms=0 early=false text=<hidden>
22:17:39.955 [D] event=wake released
22:17:39.957 [D] event=focus released
22:17:39.957 [D] event=audio-route unregistered
22:17:39.960 [D] event=fg-service destroy
22:17:43.209 [D] piper played 225146 samples (waited 200ms)
22:17:43.210 [D] event=gate-release gen=1 reason=speak-done
22:17:46.297 [D] pipeline: tts=Piper (voice=piper) ttsReady=false
22:17:46.299 [D] pipeline: stt=Whisper-whisper-base sttReady=false vad=false
22:17:46.299 [D] warm-wait retry=1 sttReady=false ttsReady=false vadAvailable=false vadPresent=true
22:17:46.393 [D] SileroVadGate loaded: silero-vad
22:17:48.243 [D] SherpaTts loaded: piper model
22:17:48.455 [D] OfflineWhisperStt loaded: whisper-base
22:17:48.812 [D] event=fg-service-start requested sdk=37
22:17:48.817 [D] event=fg-service-start ok
22:17:48.820 [D] event=wake acquired
22:17:48.822 [D] event=focus-acquire result=granted
22:17:48.825 [D] event=audio-route registered
22:17:48.849 [D] mic: extra NoiseSuppressor attached (session 34729) enabled=true
22:17:48.850 [D] mic: source=VOICE_COMMUNICATION(AEC/NS) threshold=0.50 silence=800ms minSpeech=300ms max=15000ms hard=0ms
22:17:48.858 [D] event=fg-service onCreate
22:17:48.859 [D] event=fg-service start id=1
22:18:02.207 [D] realtime: speech=true ms=8506 early=false text=<hidden>
22:18:02.208 [D] event=barge-watch mode=single-capture vad=on rmsMin=0.10 gen=1
22:18:02.210 [D] startStream -> hvstream_1788747482210204033_2
22:18:07.407 [W] event=stream-stall gen=1 idleMs=5095 no-events=5s
22:18:15.376 [W] event=stream-stall gen=1 idleMs=5078 no-events=5s
22:18:32.302 [W] event=stream-stall gen=1 idleMs=5029 no-events=5s
22:18:32.316 [D] event=call-end callLive=true
22:18:32.317 [D] event=tts-stop reason=stop msSinceBarge=0
22:18:32.317 [D] event=gate-release gen=1 reason=stop
22:18:32.317 [D] event=turn label=turn gen=1 outcome=stop stt=13301 firstByte=3 firstText=- firstAudio=- fullReply=26741 session_turns=1
22:18:32.318 [D] turn done: gen=1 resp=resp_58e80268adb942538f5577f2f4dd len=0 err=hermes stream: ended without completion
22:18:32.955 [D] event=wake released
22:18:32.958 [D] event=focus released
22:18:32.958 [D] event=audio-route unregistered
22:18:32.962 [D] event=gate-release gen=1 reason=reply-error
22:18:32.962 [D] event=fg-service destroy
22:18:34.300 [D] event=activity-stop reason=no-live-call controller-stopped
